// Jest Snapshot v1, https://goo.gl/fbAQLP

exports[`Home should render 1`] = `
<styled.div>
  <styled.img
    alt="Your Story Project Logo"
    src={
      Object {
        "process": [Function],
      }
    }
  />
  <EmailAggregationForm />
</styled.div>
`;
